
> health-buddy@0.1.0 build
> next build

Γû▓ Next.js 16.1.6 (Turbopack)
- Environments: .env.local

npm.cmd : ΓÜá The "middleware" file convention is deprecated. Please use "proxy" instead. Learn more: 
https://nextjs.org/docs/messages/middleware-to-proxy
At line:1 char:37
+ ...  "d:/health buddy 2.0"; npm.cmd run build *> build-output.log; Write- ...
+                             ~~~~~~~~~~~~~~~~~~~~~~~~~~~~~~~~~~~~~
    + CategoryInfo          : NotSpecified: (ΓÜá The "middle...leware-to-proxy:String) [], RemoteException
    + FullyQualifiedErrorId : NativeCommandError
 
  Creating an optimized production build ...
(node:23904) [MODULE_TYPELESS_PACKAGE_JSON] Warning: Module type of file:///D:/health%20buddy%202.0/tailwind.config.ts?id=1776969384995 is not 
specified and it doesn't parse as CommonJS.
Reparsing as ES module because module syntax was detected. This incurs a performance overhead.
To eliminate this warning, add "type": "module" to D:\health buddy 2.0\package.json.
(Use `node --trace-warnings ...` to show where the warning was created)
Γ£ô Compiled successfully in 7.8s
  Running TypeScript ...
  Collecting page data using 15 workers ...
  Generating static pages using 15 workers (0/37) ...
  Generating static pages using 15 workers (9/37) 
  Generating static pages using 15 workers (18/37) 
  Generating static pages using 15 workers (27/37) 
Γ£ô Generating static pages using 15 workers (37/37) in 1817.8ms
  Finalizing page optimization ...

Route (app)
Γöî Γùï /
Γö£ Γùï /_not-found
Γö£ Γùï /about
Γö£ ╞Æ /api/reports/[id]/pdf
Γö£ Γùï /careers
Γö£ Γùï /contact
Γö£ Γùï /customer-stories
Γö£ Γùï /docs
Γö£ Γùï /docs/developer
Γö£ Γùï /docs/general
Γö£ ╞Æ /doctor/analytics
Γö£ Γùï /doctor/appointments
Γö£ ╞Æ /doctor/dashboard
Γö£ ╞Æ /doctor/patients
Γö£ ╞Æ /doctor/patients/[id]
Γö£ Γùï /doctor/settings
Γö£ Γùï /enterprise
Γö£ Γùï /features
Γö£ Γùï /hipaa
Γö£ Γùï /how-it-works
Γö£ Γùï /login
Γö£ Γùï /patient/ai-checkup
Γö£ Γùï /patient/appointments
Γö£ Γùï /patient/assessment
Γö£ Γùï /patient/chat
Γö£ ╞Æ /patient/dashboard
Γö£ Γùï /patient/health-update
Γö£ Γùï /patient/medical-reports
Γö£ ╞Æ /patient/medical-reports/[id]
Γö£ ╞Æ /patient/medications
Γö£ Γùï /patient/profile
Γö£ Γùï /patient/settings
Γö£ Γùï /patient/whats-new
Γö£ Γùï /press
Γö£ Γùï /privacy
Γö£ Γùï /register
Γö£ Γùï /security
Γöö Γùï /terms


╞Æ Proxy (Middleware)

Γùï  (Static)   prerendered as static content
╞Æ  (Dynamic)  server-rendered on demand

